// Jest Snapshot v1, https://goo.gl/fbAQLP

exports[`renders without crashing 1`] = `
<styled.div>
  <h2>
    M E N U
  </h2>
  <div>
    <h5>
      Main Activity
    </h5>
    <ul>
      <li>
        <Styled(NavLink)
          activeClassName="active-navlink "
          to="/customers"
        >
          Customers
        </Styled(NavLink)>
      </li>
      <li>
        <Styled(NavLink)
          activeClassName="active-navlink "
          to="/orders"
        >
          Orders
        </Styled(NavLink)>
      </li>
      <li>
        <Styled(NavLink)
          activeClassName="active-navlink "
          to="/order_lines"
        >
          Order Lines
        </Styled(NavLink)>
      </li>
    </ul>
    <h5>
      Other Files
    </h5>
    <ul>
      <li>
        <Styled(NavLink)
          activeClassName="active-navlink "
          to="/ad_types"
        >
          AdTypes
        </Styled(NavLink)>
      </li>
      <li>
        <Styled(NavLink)
          activeClassName="active-navlink "
          to="/categories"
        >
          Categories
        </Styled(NavLink)>
      </li>
      <li>
        <Styled(NavLink)
          activeClassName="active-navlink "
          to="/compensation_plans"
        >
          Comp Plans
        </Styled(NavLink)>
      </li>
      <li>
        <Styled(NavLink)
          activeClassName="active-navlink "
          to="/fields"
        >
          Data Fields (Ads)
        </Styled(NavLink)>
      </li>
      <li>
        <Styled(NavLink)
          activeClassName="active-navlink "
          to="/findinglines"
        >
          Finding Lines
        </Styled(NavLink)>
      </li>
      <li>
        <Styled(NavLink)
          activeClassName="active-navlink "
          to="/headings"
        >
          Headings
        </Styled(NavLink)>
      </li>
      <li>
        <Styled(NavLink)
          activeClassName="active-navlink "
          to="/localforeign"
        >
          Local/Foreign
        </Styled(NavLink)>
      </li>
      <li>
        <Styled(NavLink)
          activeClassName="active-navlink "
          to="/order_statuses"
        >
          Order Statuses
        </Styled(NavLink)>
      </li>
      <li>
        <Styled(NavLink)
          activeClassName="active-navlink "
          to="/page_types"
        >
          Page Types
        </Styled(NavLink)>
      </li>
      <li>
        <Styled(NavLink)
          activeClassName="active-navlink "
          to="/payplans"
        >
          Pay Plans
        </Styled(NavLink)>
      </li>
      <li>
        <Styled(NavLink)
          activeClassName="active-navlink "
          to="/permissions"
        >
          Permissions
        </Styled(NavLink)>
      </li>
      <li>
        <Styled(NavLink)
          activeClassName="active-navlink "
          to="/primary_books"
        >
          Primary Books
        </Styled(NavLink)>
      </li>
      <li>
        <Styled(NavLink)
          activeClassName="active-navlink "
          to="/sales_reps"
        >
          Sales Reps
        </Styled(NavLink)>
      </li>
      <li>
        <Styled(NavLink)
          activeClassName="active-navlink "
          to="/source_books"
        >
          Source Books
        </Styled(NavLink)>
      </li>
      <li>
        <Styled(NavLink)
          activeClassName="active-navlink "
          to="/udacs"
        >
          Udacs
        </Styled(NavLink)>
      </li>
    </ul>
  </div>
</styled.div>
`;
