exports[`test renders without crashing 1`] = `<styled.div />`;
